Screen.hpp:104:18:virtual void touchgfx::Screen::afterTransition()	0	static
Screen.hpp:144:18:virtual void touchgfx::Screen::handleTickEvent()	0	static
Screen.hpp:154:18:virtual void touchgfx::Screen::handleKeyEvent(uint8_t)	0	static
Screen1View.hpp:11:13:Screen1View::~Screen1View()	0	static
Screen1View.cpp:19:6:virtual void Screen1View::tearDownScreen()	0	static
Screen1View.cpp:50:6:virtual void Screen1View::Button_Pressed_0()	0	static
Screen1View.cpp:54:6:virtual void Screen1View::Button_Pressed_1()	0	static
Screen1View.cpp:58:6:virtual void Screen1View::Button_Pressed_2()	0	static
Screen1View.cpp:62:6:virtual void Screen1View::Button_Pressed_3()	0	static
Screen1View.cpp:66:6:virtual void Screen1View::Button_Pressed_4()	0	static
Screen1View.cpp:70:6:virtual void Screen1View::Button_Pressed_5()	0	static
Screen1View.cpp:74:6:virtual void Screen1View::Button_Pressed_6()	0	static
Screen1View.cpp:78:6:virtual void Screen1View::Button_Pressed_7()	0	static
Screen1View.cpp:82:6:virtual void Screen1View::Button_Pressed_8()	0	static
Screen1View.cpp:86:6:virtual void Screen1View::Button_Pressed_9()	0	static
Screen1View.cpp:90:6:virtual void Screen1View::Button_Pressed_C()	0	static
Screen1View.cpp:94:6:virtual void Screen1View::Button_Pressed_E()	0	static
Screen1View.cpp:8:6:virtual void Screen1View::setupScreen()	8	static
Screen1View.hpp:11:13:virtual Screen1View::~Screen1View()	8	static
Screen1View.cpp:24:6:virtual void Screen1View::AppendNumber(int)	8	static
Screen1View.cpp:3:1:Screen1View::Screen1View()	8	static
