stm32f7xx_hal_msp.c:64:6:HAL_MspInit	8	static
stm32f7xx_hal_msp.c:88:6:HAL_CRC_MspInit	8	static
stm32f7xx_hal_msp.c:110:6:HAL_CRC_MspDeInit	0	static
stm32f7xx_hal_msp.c:132:6:HAL_DMA2D_MspInit	16	static
stm32f7xx_hal_msp.c:157:6:HAL_DMA2D_MspDeInit	0	static
stm32f7xx_hal_msp.c:182:6:HAL_I2C_MspInit	40	static
stm32f7xx_hal_msp.c:218:6:HAL_I2C_MspDeInit	8	static
stm32f7xx_hal_msp.c:249:6:HAL_LTDC_MspInit	64	static
stm32f7xx_hal_msp.c:350:6:HAL_LTDC_MspDeInit	8	static
stm32f7xx_hal_msp.c:419:6:HAL_QSPI_MspInit	64	static
stm32f7xx_hal_msp.c:482:6:HAL_QSPI_MspDeInit	8	static
stm32f7xx_hal_msp.c:519:6:HAL_RNG_MspInit	16	static
stm32f7xx_hal_msp.c:544:6:HAL_RNG_MspDeInit	0	static
stm32f7xx_hal_msp.c:569:6:HAL_TIM_Base_MspInit	16	static
stm32f7xx_hal_msp.c:594:6:HAL_TIM_Base_MspDeInit	0	static
stm32f7xx_hal_msp.c:721:6:HAL_SDRAM_MspInit	48	static
stm32f7xx_hal_msp.c:807:6:HAL_SDRAM_MspDeInit	8	static
